../Drivers/STM32L4xx_HAL_Driver/Src/easy_rgb_lcd.c:63:13:LCD_setReg	32	static
../Drivers/STM32L4xx_HAL_Driver/Src/easy_rgb_lcd.c:91:13:i2c_send_byteS	24	static
../Drivers/STM32L4xx_HAL_Driver/Src/easy_rgb_lcd.c:110:6:LCD_begin	16	static
../Drivers/STM32L4xx_HAL_Driver/Src/easy_rgb_lcd.c:166:6:LCD_clear	8	static
../Drivers/STM32L4xx_HAL_Driver/Src/easy_rgb_lcd.c:170:6:LCD_home	8	static
../Drivers/STM32L4xx_HAL_Driver/Src/easy_rgb_lcd.c:175:6:LCD_noDisplay	8	static
../Drivers/STM32L4xx_HAL_Driver/Src/easy_rgb_lcd.c:179:6:LCD_display	8	static
../Drivers/STM32L4xx_HAL_Driver/Src/easy_rgb_lcd.c:183:6:LCD_noBlink	8	static
../Drivers/STM32L4xx_HAL_Driver/Src/easy_rgb_lcd.c:187:6:LCD_blink	8	static
../Drivers/STM32L4xx_HAL_Driver/Src/easy_rgb_lcd.c:191:6:LCD_noCursor	8	static
../Drivers/STM32L4xx_HAL_Driver/Src/easy_rgb_lcd.c:195:6:LCD_cursor	8	static
../Drivers/STM32L4xx_HAL_Driver/Src/easy_rgb_lcd.c:199:6:LCD_scrollDisplayLeft	8	static
../Drivers/STM32L4xx_HAL_Driver/Src/easy_rgb_lcd.c:202:6:LCD_scrollDisplayRight	8	static
../Drivers/STM32L4xx_HAL_Driver/Src/easy_rgb_lcd.c:205:6:LCD_leftToRight	8	static
../Drivers/STM32L4xx_HAL_Driver/Src/easy_rgb_lcd.c:209:6:LCD_rightToLeft	8	static
../Drivers/STM32L4xx_HAL_Driver/Src/easy_rgb_lcd.c:213:6:LCD_autoscroll	8	static
../Drivers/STM32L4xx_HAL_Driver/Src/easy_rgb_lcd.c:217:6:LCD_noAutoscroll	8	static
../Drivers/STM32L4xx_HAL_Driver/Src/easy_rgb_lcd.c:221:6:LCD_createChar	32	static
../Drivers/STM32L4xx_HAL_Driver/Src/easy_rgb_lcd.c:234:6:LCD_setCursor	24	static
../Drivers/STM32L4xx_HAL_Driver/Src/easy_rgb_lcd.c:240:6:LCD_write	24	static
../Drivers/STM32L4xx_HAL_Driver/Src/easy_rgb_lcd.c:245:6:LCD_print	16	static
../Drivers/STM32L4xx_HAL_Driver/Src/easy_rgb_lcd.c:253:6:LCD_command	24	static
../Drivers/STM32L4xx_HAL_Driver/Src/easy_rgb_lcd.c:259:6:LCD_setRGB	16	static
../Drivers/STM32L4xx_HAL_Driver/Src/easy_rgb_lcd.c:264:6:LCD_setPWM	16	static
../Drivers/STM32L4xx_HAL_Driver/Src/easy_rgb_lcd.c:276:6:LCD_setColor	24	static
../Drivers/STM32L4xx_HAL_Driver/Src/easy_rgb_lcd.c:281:6:LCD_setColorAll	8	static
../Drivers/STM32L4xx_HAL_Driver/Src/easy_rgb_lcd.c:285:6:LCD_setColorWhite	8	static
